
> Configure project :app
WARNING: The option setting 'android.aapt2FromMavenOverride=/opt/android-sdk/qemu/bin/aapt2' is experimental.

> Task :app:buildKotlinToolingMetadata
> Task :app:checkKotlinGradlePluginConfigurationErrors
> Task :app:preBuild UP-TO-DATE
> Task :app:preReleaseBuild UP-TO-DATE
> Task :app:generateReleaseResValues FROM-CACHE
> Task :app:mapReleaseSourceSetPaths
> Task :app:generateReleaseResources UP-TO-DATE
> Task :app:checkReleaseAarMetadata
> Task :app:mergeReleaseResources
> Task :app:packageReleaseResources
> Task :app:parseReleaseLocalResources FROM-CACHE
> Task :app:createReleaseCompatibleScreenManifests
> Task :app:extractDeepLinksRelease FROM-CACHE
> Task :app:processReleaseMainManifest
> Task :app:processReleaseManifest
> Task :app:javaPreCompileRelease FROM-CACHE
> Task :app:extractProguardFiles UP-TO-DATE
> Task :app:mergeReleaseJniLibFolders FROM-CACHE
> Task :app:mergeReleaseNativeLibs
> Task :app:checkReleaseDuplicateClasses
> Task :app:processReleaseManifestForPackage
> Task :app:stripReleaseDebugSymbols
> Task :app:stripReleaseDebugSymbols FAILED
> Task :app:mergeReleaseArtProfile

FAILURE: Build failed with an exception.

* What went wrong:
Execution failed for task ':app:stripReleaseDebugSymbols'.
> A failure occurred while executing com.android.build.gradle.internal.tasks.StripDebugSymbolsDelegate
   > There were multiple failures while executing work items
      > A failure occurred while executing com.android.build.gradle.internal.tasks.StripDebugSymbolsRunnable
         > A problem occurred starting process 'command '/opt/android-sdk/ndk/25.1.8937393/toolchains/llvm/prebuilt/linux-x86_64/bin/llvm-strip''
      > A failure occurred while executing com.android.build.gradle.internal.tasks.StripDebugSymbolsRunnable
         > A problem occurred starting process 'command '/opt/android-sdk/ndk/25.1.8937393/toolchains/llvm/prebuilt/linux-x86_64/bin/llvm-strip''
      > A failure occurred while executing com.android.build.gradle.internal.tasks.StripDebugSymbolsRunnable
         > A problem occurred starting process 'command '/opt/android-sdk/ndk/25.1.8937393/toolchains/llvm/prebuilt/linux-x86_64/bin/llvm-strip''
      > A failure occurred while executing com.android.build.gradle.internal.tasks.StripDebugSymbolsRunnable
         > A problem occurred starting process 'command '/opt/android-sdk/ndk/25.1.8937393/toolchains/llvm/prebuilt/linux-x86_64/bin/llvm-strip''
      > A failure occurred while executing com.android.build.gradle.internal.tasks.StripDebugSymbolsRunnable
         > A problem occurred starting process 'command '/opt/android-sdk/ndk/25.1.8937393/toolchains/llvm/prebuilt/linux-x86_64/bin/llvm-strip''
      > A failure occurred while executing com.android.build.gradle.internal.tasks.StripDebugSymbolsRunnable
         > A problem occurred starting process 'command '/opt/android-sdk/ndk/25.1.8937393/toolchains/llvm/prebuilt/linux-x86_64/bin/llvm-strip''
      > A failure occurred while executing com.android.build.gradle.internal.tasks.StripDebugSymbolsRunnable
         > A problem occurred starting process 'command '/opt/android-sdk/ndk/25.1.8937393/toolchains/llvm/prebuilt/linux-x86_64/bin/llvm-strip''

* Try:
> Run with --stacktrace option to get the stack trace.
> Run with --info or --debug option to get more log output.
> Run with --scan to get full insights.
> Get more help at https://help.gradle.org.

BUILD FAILED in 1m 48s
20 actionable tasks: 14 executed, 5 from cache, 1 up-to-date
EXIT: 1
